[
  {
    "details": {
      "best_of_sequences": null,
      "finish_reason": "length",
      "generated_tokens": 10,
      "prefill": [
        {
          "id": 1,
          "logprob": null,
          "text": "<s>"
        },
        {
          "id": 4911,
          "logprob": -5.7773438,
          "text": "User"
        },
        {
          "id": 29901,
          "logprob": -0.0069999695,
          "text": ":"
        },
        {
          "id": 32000,
          "logprob": -0.8125,
          "text": "<fake_token_around_image>"
        },
        {
          "id": 32001,
          "logprob": -6.651878e-05,
          "text": "<image>"
        },
        {
          "id": 32000,
          "logprob": -3.5762787e-07,
          "text": "<fake_token_around_image>"
        },
        {
          "id": 1815,
          "logprob": -4.2265625,
          "text": "Can"
        },
        {
          "id": 366,
          "logprob": -0.013977051,
          "text": "you"
        },
        {
          "id": 2649,
          "logprob": -4.4375,
          "text": "tell"
        },
        {
          "id": 592,
          "logprob": -0.29077148,
          "text": "me"
        },
        {
          "id": 263,
          "logprob": -4.2109375,
          "text": "a"
        },
        {
          "id": 1407,
          "logprob": -9.4296875,
          "text": "very"
        },
        {
          "id": 3273,
          "logprob": -1.8671875,
          "text": "short"
        },
        {
          "id": 5828,
          "logprob": -0.26586914,
          "text": "story"
        },
        {
          "id": 2729,
          "logprob": -3.7460938,
          "text": "based"
        },
        {
          "id": 373,
          "logprob": -0.0005350113,
          "text": "on"
        },
        {
          "id": 278,
          "logprob": -0.13867188,
          "text": "the"
        },
        {
          "id": 1967,
          "logprob": -0.06842041,
          "text": "image"
        },
        {
          "id": 29973,
          "logprob": -0.15319824,
          "text": "?"
        }
      ],
      "seed": null,
      "tokens": [
        {
          "id": 32002,
          "logprob": -0.0019445419,
          "special": true,
          "text": "<end_of_utterance>"
        },
        {
          "id": 29871,
          "logprob": -8.416176e-05,
          "special": false,
          "text": " "
        },
        {
          "id": 13,
          "logprob": -1.7881393e-05,
          "special": false,
          "text": "\n"
        },
        {
          "id": 7900,
          "logprob": -3.0994415e-06,
          "special": false,
          "text": "Ass"
        },
        {
          "id": 22137,
          "logprob": 0.0,
          "special": false,
          "text": "istant"
        },
        {
          "id": 29901,
          "logprob": -3.2186508e-06,
          "special": false,
          "text": ":"
        },
        {
          "id": 319,
          "logprob": -0.89941406,
          "special": false,
          "text": " A"
        },
        {
          "id": 696,
          "logprob": -1.234375,
          "special": false,
          "text": " ro"
        },
        {
          "id": 15664,
          "logprob": -0.0002465248,
          "special": false,
          "text": "oster"
        },
        {
          "id": 15028,
          "logprob": -1.1660156,
          "special": false,
          "text": " stands"
        }
      ],
      "top_tokens": null
    },
    "generated_text": "\nAssistant: A rooster stands"
  },
  {
    "details": {
      "best_of_sequences": null,
      "finish_reason": "length",
      "generated_tokens": 10,
      "prefill": [
        {
          "id": 1,
          "logprob": null,
          "text": "<s>"
        },
        {
          "id": 4911,
          "logprob": -5.7890625,
          "text": "User"
        },
        {
          "id": 29901,
          "logprob": -0.0070152283,
          "text": ":"
        },
        {
          "id": 32000,
          "logprob": -0.8125,
          "text": "<fake_token_around_image>"
        },
        {
          "id": 32001,
          "logprob": -6.651878e-05,
          "text": "<image>"
        },
        {
          "id": 32000,
          "logprob": -3.5762787e-07,
          "text": "<fake_token_around_image>"
        },
        {
          "id": 1815,
          "logprob": -4.2265625,
          "text": "Can"
        },
        {
          "id": 366,
          "logprob": -0.014190674,
          "text": "you"
        },
        {
          "id": 2649,
          "logprob": -4.4140625,
          "text": "tell"
        },
        {
          "id": 592,
          "logprob": -0.2919922,
          "text": "me"
        },
        {
          "id": 263,
          "logprob": -4.2109375,
          "text": "a"
        },
        {
          "id": 1407,
          "logprob": -9.4375,
          "text": "very"
        },
        {
          "id": 3273,
          "logprob": -1.8720703,
          "text": "short"
        },
        {
          "id": 5828,
          "logprob": -0.26904297,
          "text": "story"
        },
        {
          "id": 2729,
          "logprob": -3.7675781,
          "text": "based"
        },
        {
          "id": 373,
          "logprob": -0.0005402565,
          "text": "on"
        },
        {
          "id": 278,
          "logprob": -0.13867188,
          "text": "the"
        },
        {
          "id": 1967,
          "logprob": -0.068359375,
          "text": "image"
        },
        {
          "id": 29973,
          "logprob": -0.15539551,
          "text": "?"
        }
      ],
      "seed": null,
      "tokens": [
        {
          "id": 32002,
          "logprob": -0.0019168854,
          "special": true,
          "text": "<end_of_utterance>"
        },
        {
          "id": 29871,
          "logprob": -8.392334e-05,
          "special": false,
          "text": " "
        },
        {
          "id": 13,
          "logprob": -1.7642975e-05,
          "special": false,
          "text": "\n"
        },
        {
          "id": 7900,
          "logprob": -3.0994415e-06,
          "special": false,
          "text": "Ass"
        },
        {
          "id": 22137,
          "logprob": 0.0,
          "special": false,
          "text": "istant"
        },
        {
          "id": 29901,
          "logprob": -3.0994415e-06,
          "special": false,
          "text": ":"
        },
        {
          "id": 319,
          "logprob": -0.90722656,
          "special": false,
          "text": " A"
        },
        {
          "id": 696,
          "logprob": -1.2373047,
          "special": false,
          "text": " ro"
        },
        {
          "id": 15664,
          "logprob": -0.00024938583,
          "special": false,
          "text": "oster"
        },
        {
          "id": 15028,
          "logprob": -1.1708984,
          "special": false,
          "text": " stands"
        }
      ],
      "top_tokens": null
    },
    "generated_text": "\nAssistant: A rooster stands"
  },
  {
    "details": {
      "best_of_sequences": null,
      "finish_reason": "length",
      "generated_tokens": 10,
      "prefill": [
        {
          "id": 1,
          "logprob": null,
          "text": "<s>"
        },
        {
          "id": 4911,
          "logprob": -5.7890625,
          "text": "User"
        },
        {
          "id": 29901,
          "logprob": -0.0070152283,
          "text": ":"
        },
        {
          "id": 32000,
          "logprob": -0.8125,
          "text": "<fake_token_around_image>"
        },
        {
          "id": 32001,
          "logprob": -6.663799e-05,
          "text": "<image>"
        },
        {
          "id": 32000,
          "logprob": -3.5762787e-07,
          "text": "<fake_token_around_image>"
        },
        {
          "id": 1815,
          "logprob": -4.2265625,
          "text": "Can"
        },
        {
          "id": 366,
          "logprob": -0.014190674,
          "text": "you"
        },
        {
          "id": 2649,
          "logprob": -4.4140625,
          "text": "tell"
        },
        {
          "id": 592,
          "logprob": -0.2919922,
          "text": "me"
        },
        {
          "id": 263,
          "logprob": -4.2109375,
          "text": "a"
        },
        {
          "id": 1407,
          "logprob": -9.4375,
          "text": "very"
        },
        {
          "id": 3273,
          "logprob": -1.8720703,
          "text": "short"
        },
        {
          "id": 5828,
          "logprob": -0.26904297,
          "text": "story"
        },
        {
          "id": 2729,
          "logprob": -3.7675781,
          "text": "based"
        },
        {
          "id": 373,
          "logprob": -0.0005402565,
          "text": "on"
        },
        {
          "id": 278,
          "logprob": -0.13867188,
          "text": "the"
        },
        {
          "id": 1967,
          "logprob": -0.068359375,
          "text": "image"
        },
        {
          "id": 29973,
          "logprob": -0.15539551,
          "text": "?"
        }
      ],
      "seed": null,
      "tokens": [
        {
          "id": 32002,
          "logprob": -0.0019168854,
          "special": true,
          "text": "<end_of_utterance>"
        },
        {
          "id": 29871,
          "logprob": -8.404255e-05,
          "special": false,
          "text": " "
        },
        {
          "id": 13,
          "logprob": -1.7642975e-05,
          "special": false,
          "text": "\n"
        },
        {
          "id": 7900,
          "logprob": -3.0994415e-06,
          "special": false,
          "text": "Ass"
        },
        {
          "id": 22137,
          "logprob": 0.0,
          "special": false,
          "text": "istant"
        },
        {
          "id": 29901,
          "logprob": -3.0994415e-06,
          "special": false,
          "text": ":"
        },
        {
          "id": 319,
          "logprob": -0.90722656,
          "special": false,
          "text": " A"
        },
        {
          "id": 696,
          "logprob": -1.2373047,
          "special": false,
          "text": " ro"
        },
        {
          "id": 15664,
          "logprob": -0.00024938583,
          "special": false,
          "text": "oster"
        },
        {
          "id": 15028,
          "logprob": -1.1708984,
          "special": false,
          "text": " stands"
        }
      ],
      "top_tokens": null
    },
    "generated_text": "\nAssistant: A rooster stands"
  },
  {
    "details": {
      "best_of_sequences": null,
      "finish_reason": "length",
      "generated_tokens": 10,
      "prefill": [
        {
          "id": 1,
          "logprob": null,
          "text": "<s>"
        },
        {
          "id": 4911,
          "logprob": -5.7890625,
          "text": "User"
        },
        {
          "id": 29901,
          "logprob": -0.0070152283,
          "text": ":"
        },
        {
          "id": 32000,
          "logprob": -0.8125,
          "text": "<fake_token_around_image>"
        },
        {
          "id": 32001,
          "logprob": -6.663799e-05,
          "text": "<image>"
        },
        {
          "id": 32000,
          "logprob": -3.5762787e-07,
          "text": "<fake_token_around_image>"
        },
        {
          "id": 1815,
          "logprob": -4.2265625,
          "text": "Can"
        },
        {
          "id": 366,
          "logprob": -0.014190674,
          "text": "you"
        },
        {
          "id": 2649,
          "logprob": -4.4140625,
          "text": "tell"
        },
        {
          "id": 592,
          "logprob": -0.2919922,
          "text": "me"
        },
        {
          "id": 263,
          "logprob": -4.2109375,
          "text": "a"
        },
        {
          "id": 1407,
          "logprob": -9.4375,
          "text": "very"
        },
        {
          "id": 3273,
          "logprob": -1.8720703,
          "text": "short"
        },
        {
          "id": 5828,
          "logprob": -0.26904297,
          "text": "story"
        },
        {
          "id": 2729,
          "logprob": -3.7675781,
          "text": "based"
        },
        {
          "id": 373,
          "logprob": -0.0005402565,
          "text": "on"
        },
        {
          "id": 278,
          "logprob": -0.13867188,
          "text": "the"
        },
        {
          "id": 1967,
          "logprob": -0.068359375,
          "text": "image"
        },
        {
          "id": 29973,
          "logprob": -0.15539551,
          "text": "?"
        }
      ],
      "seed": null,
      "tokens": [
        {
          "id": 32002,
          "logprob": -0.0019159317,
          "special": true,
          "text": "<end_of_utterance>"
        },
        {
          "id": 29871,
          "logprob": -8.404255e-05,
          "special": false,
          "text": " "
        },
        {
          "id": 13,
          "logprob": -1.7642975e-05,
          "special": false,
          "text": "\n"
        },
        {
          "id": 7900,
          "logprob": -3.0994415e-06,
          "special": false,
          "text": "Ass"
        },
        {
          "id": 22137,
          "logprob": 0.0,
          "special": false,
          "text": "istant"
        },
        {
          "id": 29901,
          "logprob": -3.0994415e-06,
          "special": false,
          "text": ":"
        },
        {
          "id": 319,
          "logprob": -0.90722656,
          "special": false,
          "text": " A"
        },
        {
          "id": 696,
          "logprob": -1.2373047,
          "special": false,
          "text": " ro"
        },
        {
          "id": 15664,
          "logprob": -0.00024938583,
          "special": false,
          "text": "oster"
        },
        {
          "id": 15028,
          "logprob": -1.1708984,
          "special": false,
          "text": " stands"
        }
      ],
      "top_tokens": null
    },
    "generated_text": "\nAssistant: A rooster stands"
  }
]
